// Jest Snapshot v1, https://goo.gl/fbAQLP

exports[`Calculator Render the user interaction 1`] = `
<div>
  <table>
    <tbody>
      <tr>
        <td
          className="result"
          colSpan={4}
        >
          0
        </td>
      </tr>
      <tr>
        <td>
          <button
            className="normal"
            name="AC"
            onClick={[Function]}
            type="button"
          >
            AC
          </button>
        </td>
        <td>
          <button
            className="normal"
            name="+/-"
            onClick={[Function]}
            type="button"
          >
            +/-
          </button>
        </td>
        <td>
          <button
            className="normal"
            name="%"
            onClick={[Function]}
            type="button"
          >
            %
          </button>
        </td>
        <td>
          <button
            className="oprator"
            name="รท"
            onClick={[Function]}
            type="button"
          >
            รท
          </button>
        </td>
      </tr>
      <tr>
        <td>
          <button
            className="normal"
            name="7"
            onClick={[Function]}
            type="button"
          >
            7
          </button>
        </td>
        <td>
          <button
            className="normal"
            name="8"
            onClick={[Function]}
            type="button"
          >
            8
          </button>
        </td>
        <td>
          <button
            className="normal"
            name="9"
            onClick={[Function]}
            type="button"
          >
            9
          </button>
        </td>
        <td>
          <button
            className="oprator"
            name="x"
            onClick={[Function]}
            type="button"
          >
            x
          </button>
        </td>
      </tr>
      <tr>
        <td>
          <button
            className="normal"
            name="4"
            onClick={[Function]}
            type="button"
          >
            4
          </button>
        </td>
        <td>
          <button
            className="normal"
            name="5"
            onClick={[Function]}
            type="button"
          >
            5
          </button>
        </td>
        <td>
          <button
            className="normal"
            name="6"
            onClick={[Function]}
            type="button"
          >
            6
          </button>
        </td>
        <td>
          <button
            className="oprator"
            name="-"
            onClick={[Function]}
            type="button"
          >
            -
          </button>
        </td>
      </tr>
      <tr>
        <td>
          <button
            className="normal"
            name="1"
            onClick={[Function]}
            type="button"
          >
            1
          </button>
        </td>
        <td>
          <button
            className="normal"
            name="2"
            onClick={[Function]}
            type="button"
          >
            2
          </button>
        </td>
        <td>
          <button
            className="normal"
            name="3"
            onClick={[Function]}
            type="button"
          >
            3
          </button>
        </td>
        <td>
          <button
            className="oprator"
            name="+"
            onClick={[Function]}
            type="button"
          >
            +
          </button>
        </td>
      </tr>
      <tr>
        <td
          colSpan={2}
        >
          <button
            className="bottom"
            name="0"
            onClick={[Function]}
            type="button"
          >
            0
          </button>
        </td>
        <td>
          <button
            className="bottom"
            name="."
            onClick={[Function]}
            type="button"
          >
            .
          </button>
        </td>
        <td>
          <button
            className="oprator"
            name="="
            onClick={[Function]}
            type="button"
          >
            =
          </button>
        </td>
      </tr>
    </tbody>
  </table>
</div>
`;
